fib(1) = 0 chamadas = 1
fib(39) = 204668308 chamadas = 63245986
fib(2) = 2 chamadas = 1
fib(38) = 126491970 chamadas = 39088169
fib(3) = 4 chamadas = 2
fib(37) = 78176336 chamadas = 24157817
fib(4) = 8 chamadas = 3
fib(36) = 48315632 chamadas = 14930352
fib(5) = 14 chamadas = 5
fib(35) = 29860702 chamadas = 9227465
fib(6) = 24 chamadas = 8
fib(34) = 18454928 chamadas = 5702887
fib(7) = 40 chamadas = 13
fib(33) = 11405772 chamadas = 3524578
fib(8) = 66 chamadas = 21
fib(32) = 7049154 chamadas = 2178309
fib(9) = 108 chamadas = 34
fib(31) = 4356616 chamadas = 1346269
fib(10) = 176 chamadas = 55
fib(30) = 2692536 chamadas = 832040
fib(11) = 286 chamadas = 89
fib(29) = 1664078 chamadas = 514229
fib(12) = 464 chamadas = 144
fib(28) = 1028456 chamadas = 317811
fib(13) = 752 chamadas = 233
fib(27) = 635620 chamadas = 196418
fib(14) = 1218 chamadas = 377
fib(26) = 392834 chamadas = 121393
fib(15) = 1972 chamadas = 610
fib(25) = 242784 chamadas = 75025
fib(16) = 3192 chamadas = 987
fib(24) = 150048 chamadas = 46368
fib(17) = 5166 chamadas = 1597
fib(23) = 92734 chamadas = 28657
fib(18) = 8360 chamadas = 2584
fib(22) = 57312 chamadas = 17711
fib(19) = 13528 chamadas = 4181
fib(21) = 35420 chamadas = 10946
fib(20) = 21890 chamadas = 6765
