94
***************
*ooo*ooo*ooooo*
***o*o*o*o***o*
*M*o*o*ooooo*o*
*o*o***o*****o*
*o*ooo*o*ooooo*
*o***o*o*o*****
*ooooo*o*o*ooo*
*o*****o*o*o*o*
*o*ooooo*ooo*o*
*o***o*******o*
*ooo*ooooo*ooo*
***o*******o***
*ooooooooooo*  
***************
