45
***************
*ooo*   *     *
***o* * * *** *
*M*o* *     * *
*o*o*** ***** *
*o*ooo* *     *
*o***o* * *****
*ooooo* * *   *
*o***** * * * *
*o*     *   *o*
*o*** *******o*
*ooo*     *ooo*
***o*******o*o*
*ooooooooooo*oo
***************
