89
*********************
*ooo*o*ooooo*ooooooo*
*o*o*o*o***o*o*****o*
*o*ooo*o*o*ooo*Moooo*
*o*o***o*o***********
*o*o*ooo*ooooooooooo*
*o*o*o***o*****o***o*
*o*o*o*  o    *o* *o*
*o***o*********o* *o*
*ooooooooooooooo*  oo
*********************
