101
*********************
*               *ooo*
* *********** ***o*o*
*   *       * *ooo*M*
*** * ******* *o*****
* *   *       *ooo*o*
* *** * ***** ***o*o*
*     * *ooo*   *ooo*
* ***** *o*o*******o*
*   *   *o*ooo*ooooo*
*** * * *o***o*o*****
* * * * *o*o*o*o*  o*
* * * * *o*o*o*o* *o*
* * *o* *o*o*ooo* *o*
* * *o* *o*o*******o*
* * *o* *ooooo*ooooo*
* * *o* *****o*o***o*
* * *o* *ooo*o*ooo*o*
* * *o***o*o*o***o*o*
*   *ooooo*ooooooo*oo
*********************
