393
***************************************************
*     *ooooooooooo*ooo*ooM*ooooooooo*ooooooo*ooo*o*
* * ***o*****o***o*o*o*o***o*******o*o***o*o*o*o*o*
* * *ooo*ooo*ooo*ooo*o*o*ooo*ooooooo*ooo*o*o*o*ooo*
* ***o*****o***o*******o*o*o*********o***o*o*o***o*
*   *ooooooooo*ooooooo*o*o*o*ooooooooo*ooo*ooo*o*o*
* * *********o*******o*o***o*o*********o*******o*o*
* * *       *ooo*ooo*o*ooo*o*ooo*ooooo*ooo*ooooo*o*
* * * * * *****o***o*o***o*o***o*o***o***o*o***o*o*
* *   * * *ooooo*ooo*ooo*o*ooooo*o* *ooooo*ooo*ooo*
******* ***o*****o*****o*o*o*****o* *********o*****
*     * *ooo*ooo*ooooo*o*o*o*ooooo*     *ooooo*ooo*
* *** * *o***o*o*o***o*o*o*o*o********* *o*****o***
*   *   *o*ooo*o*ooo*o*ooo*o*o*       * *ooooo*ooo*
* * *** *o*o***o*o***o*******o***** * * *****o***o*
* * *   *ooo* *o*o*ooooooooooo*     * *     *ooo*o*
*** * ******* *o***o*********** ***** ***** ***o*o*
*   * *       *ooooo*   *       *   *         *o*o*
* *** *** *** ******* * * ******* *********** *o*o*
*   *     *     *     * *   *         * *     *ooo*
* * *** ********* * *** *** * ***** * * * *******o*
* * *   *     *   * * * *   * *     * * *   *ooooo*
*** * *** *** * *** * * * *** * ***** * *** *o*****
*   *   * * *   * * * *   * * *     *   *   *o*ooo*
* ***** * * ***** * * ***** * ***** *** * ***o*o*o*
* * *   * *   *   * * *       *   * *   * *ooo*o*o*
* * * *** * *** * * * * ******* * * ***** *o***o*o*
* *   *   *     * * * *   *     * * *   * *o*ooo*o*
* ***** ********* * * *** ******* * * * * *o***o***
*     *   *     * * *             *   *   *ooo*ooo*
* *** *** * *** * * *********** ********* ***o*o*o*
*   *   * * * * * *       *     *       * *ooo*o*o*
*** * *** * * * * ******* ******* ***** ***o*****o*
*   * *   * *   *       *   *     *   *   *ooooooo*
* *** * *** * ******* * *** * ***** ***** *******o*
* * *   *   *   *     * *   * *     *         *ooo*
* * ******* *** * ***** * * * *** * * ******* *o***
* *         *   * *   * * * *   * * * *     * *o*o*
* *** ******* *** * * *** ***** *** * * ***** *o*o*
*     *     * *   * *     *   *     * * *     *ooo*
******* * *** * * * ******* * *** *** * * *******o*
*       *   *   * *   *     *     *   * *       *o*
* ********* ***** *** * *********** *** *** *****o*
*     *   *   *   * *   *         * *   *   *   *o*
* ***** * * * * *** ************* * *** * *** * *o*
* *     *   * *   *               *   *   *   * *o*
* * ************* * ***** ******* *** ***** *** *o*
* *     *   *   * * *     *       * *     * *   *o*
* ***** * * * * * *** ***** ******* ***** * * ***o*
*     *   *   *       *                 *   *    oo
***************************************************
