921
***************************************************
*ooooo*ooooooooooo*ooooooM*ooooooooo*ooooooo*ooo*o*
*o*o***o***** ***o*o* * ***o*******o*o***o*o*o*o*o*
*o*o*ooo*ooo*   *ooo* * *ooo*ooooooo*ooo*o*o*o*ooo*
*o***o*****o*** ******* *o*o*********o***o*o*o***o*
*ooo*ooooooooo*       * *o*o*ooooooooo*ooo*ooo*o*o*
*o*o*********o******* * ***o*o*********o*******o*o*
*o*o*ooooooo*ooooooo* *   *o*ooo*ooooo*ooo*ooooo*o*
*o*o*o*o*o*****o***o* *** *o***o*o***o***o*o***o*o*
*o*ooo*o*o*ooooo*ooo*   * *ooooo*o*o*ooooo*ooo*ooo*
*******o***o*****o***** * *o*****o*o*********o*****
*ooooo*o*ooo*ooo*ooooo* * *o*ooooo*ooooooooooo*ooo*
*o***o*o*o***o*o*o***o* * *o*o*********o*o*****o***
*ooo*ooo*o*ooo*o*ooo*o*   *o*o*ooooooo*ooooooo*ooo*
*o*o***o*o*o***o*o***o*******o*****o*o*o*****o***o*
*o*o*ooo*ooo* *o*o*ooooooooooooooooo*o*ooooo*ooo*o*
***o*o***o*** *o***o***********o*****o*****o***o*o*
*ooo*o*ooo    *ooooooooo*ooooooo*ooo*ooooooooo*o*o*
*o***o***o*** *******o*o*o*******o***********o*o*o*
*ooo*ooooo*     *ooooo*o*ooo*ooooooooo*o*ooooooooo*
*o*o*** **** ****o*o***o***o*o*****o*o*o*o*******o*
*ooo*   *     *ooo*o*o*o*ooo*o*ooooo*o*o*ooooooooo*
***o* *** *** *o***o*o*o*o***o*o*****o*o***o*o*****
*ooo*   * * *  o*o*o*o*ooo*o*o*ooooo*ooo*ooo*o*ooo*
*o*** * * * ***o*o*o*o*****o*o*****o***o*o***o*o*o*
*o* *   * *   *ooo*o*o*ooooooo*ooo*o*ooo*ooooo*o*o*
*o* * *** * *** *o*o*o*o*******o*o*o*****o*o***o*o*
*o*   *   *     *o*o*o*ooo*ooooo*o*o*ooo*o*o*ooo*o*
*o***** *********o*o*o***o*******o*o*o*o*o*o***o***
*o    *   *ooooo*o*o*ooooooooooooo*ooo*ooo*ooo*ooo*
*o*** *** *o***o*o*o***********o*********o***o*o*o*
*ooo*   * *o*o*o*o*ooooooo*ooooo*ooooooo*ooooo*o*o*
***o* *** *o*o*o*o*******o*******o*****o***o*****o*
*ooo* *   *o*ooo*ooooo  *ooo*ooooo*   *ooo*ooooooo*
*o*** * ***o*o*******o* ***o*o***** *****o*******o*
*o*o*   *  o*ooo*ooooo* *ooo*o*     *ooooo    *ooo*
*o*o*******o***o*o***** *o* *o*** * *o******* *o***
*o*ooooooooo*ooo*o*ooo* *o* *ooo* * *o*     * *o*o*
*o***o*******o***o*o*o***o*****o*** *o* ***** *o*o*
*ooooo*     *o*ooo*o*ooooo*ooo*ooo  *o* *     *ooo*
******* * ***o*o* *o*******o*o***o***o* * *******o*
*       *   *ooo* *ooo*ooooo*ooooo*ooo* *       *o*
* ********* ***** ***o*o***********o*** *** *****o*
*     *   *   *   * *ooo*         *o*   *   *ooooo*
* ***** * * * * *** ************* *o*** * ***o*o*o*
* *     *   * *   *               *ooo*   *ooo*o*o*
* * ************* * ***** ******* ***o*****o***o*o*
* *     *   *   * * *     *       * *ooooo*o*ooooo*
* ***** * * * * * *** ***** ******* *****o*o*o***o*
*     *   *   *       *                 *ooo*oooooo
***************************************************
