184
***************************************************
*     *ooooooooooo*ooooooM*         *       *   * *
* * ***o*****o***o*o*o*o*** ******* * *** * * * * *
* * *ooo*   *ooo*ooo*o*o*   *       *   * * * *   *
* ***o***** ***o*******o* * ********* *** * * *** *
*   *ooooooooo*ooooooo*o* * *         *   *   * * *
* * *********o*******o*o*** * ********* ******* * *
* * *       *ooooooo*o*ooo* *   *     *   *     * *
* * * * * ***** ***o*o***o* *** * *** *** * *** * *
* *   * * *     *ooo*ooo*o*     * * *     *   *   *
******* *** *****o*****o*o* ***** * ********* *****
*     * *   *   *ooooo*o*o* *     *           *   *
* *** * * *** * * ***o*o*o* * ********* * ***** ***
*   *   * *   * *   *o*ooo* * *    ooo*       *   *
* * *** * * *** * ***o******* *****o*o* ***** *** *
* * *   *   * * * *  ooooooooooooooo*o*     *   * *
*** * *** *** * *** *********** *****o***** *** * *
*   * *       *         *       *   *ooooooooo* * *
* *** *** *** ******* * * ******* ***********o* * *
*   *     *     *     * *   *         * *    ooooo*
* * *** **** **** * *** *** * ***** * * * *******o*
*   *   *     *   * * * *   * *     * * *    ooooo*
*** * *** *** * *** * * * *** * ***** * *** *o*****
*   *   * * *   * * * *   * * *     *   *   *o*   *
* *** * * * *** * * * ***** * ***** *** * ***o* * *
* * *   * *   *   * * *       *   * *   *  ooo* * *
* * * *** * *** * * * * ******* * * ***** *o*** * *
* *   *   *     * * * *   *     * * *   * *o*   * *
* ***** ********* * * *** ******* * * * * *o*** ***
*     *   *     * * *             *   *   *ooo*   *
* *** *** * *** * * *********** ********* ***o* * *
*   *   * * * * * *       *     *       *  ooo* * *
*** * *** * * * * ******* ******* ***** ***o***** *
*   * *   * *   *       *   *     *   *   *ooooooo*
* *** * *** * ******* * *** * ***** ***** *******o*
* * *   *   *   *     * *   * *     *         *ooo*
* * ******* *** * ***** * * * *** * * ******* *o***
* *         *   * *   * * * *   * * * *     * *o* *
* *** ******* *** * * *** ***** *** * * ***** *o* *
*     *     * *   * *     *   *     * * *     *ooo*
******* * *** * * * ******* * *** *** * * *******o*
*       *   *   * *   *     *     *   * *       *o*
* ********* ***** *** * *********** *** *** *****o*
*     *   *   *   * *   *         * *   *   *    o*
* ***** * * * * *** ************* * *** * *** * *o*
* *     *   * *   *               *   *   *   * *o*
* * ************* * ***** ******* *** ***** *** *o*
* *     *   *   * * *     *       * *     * *    o*
* ***** * * * * * *** ***** ******* ***** * * ***o*
*     *   *   *       *                 *   *    oo
***************************************************
