49
***********
*ooooo*ooo*
*o***o*o***
*ooo*o*ooo*
*o*o*o***o*
*o*o*ooooo*
*o*o*****o*
*o*o*ooo*o*
*o*o*o*o***
*o*ooo*ooMo
***********
