83
***************
*   *ooo*ooooo*
*** *o*o*o***o*
*M* *o*ooooo*o*
*o* ***o*****o*
*o*   *o*ooooo*
*o*** *o*o*****
*o    *o*o*ooo*
*o*****o*o*o*o*
*o*ooooo*ooo*o*
*o***o*******o*
*ooo*ooooo*ooo*
***o*******o*o*
*ooooooooooo*oo
***************
