199
*********************
*ooooooooooooooo*ooo*
*o***********o***o*o*
*ooo*ooooooo*o*ooo*M*
***o*o*******o*o*****
*o*ooo*ooooooo*ooo*o*
*o***o*o*****o***o*o*
*ooooo*o*ooo*ooo*ooo*
*o*****o*o*o*******o*
*ooo*ooo*o*ooo*ooooo*
***o*o*o*o***o*o*****
*o*o*o*o*o*o*o*o*ooo*
*o*o*o*o*o*o*o*o*o*o*
*o*o*o*o*o*o*ooo*o*o*
*o*o*o*o*o*o*******o*
*o*o*o*o*ooooo*ooooo*
*o*o*o*o*****o*o***o*
*o*o*o*o*ooo*o*ooo*o*
*o*o*o***o*o*o***o*o*
*ooo*ooooo*ooooooo*oo
*********************
