1235
***************************************************
*ooooo*ooooooo    *   *ooM*ooooooooo*ooooooo*ooo*o*
*o*o***o*****o*** * * *o***o*******o*o***o*o*o*o*o*
*o*o*ooo*ooo*ooo*   * *o*ooo*ooooooo*ooo*o*o*o*ooo*
*o***o*****o***o*******o*o*o*********o***o*o*o***o*
*ooo*ooooooooo*ooooooo*o*o*o*ooooooooo*ooo*ooo*o*o*
*o*o*********o*******o*o***o*o*********o*******o*o*
*o*o*ooooooo*ooo*ooo*o*ooo*o*ooo*ooooo*ooo*ooooo*o*
*o*o*o*o*o*****o***o*o***o*o***o*o***o***o*o***o*o*
*o*ooo*o*o*ooooo*ooo*ooo*o*ooooo*o*o*ooooo*ooo*ooo*
*******o***o*****o*****o*o*o*****o*o*********o*****
*ooooo*o*ooo*ooo*ooooo*o*o*o*ooooo*ooooo*ooooo*ooo*
*o***o*o*o***o*o*o***o*o*o*o*o*********o*o*****o***
*ooo*ooo*o*ooo*o*ooo*o*ooo*o*o*ooooooo*o*ooooo*ooo*
*o*o***o*o*o***o*o***o*******o*****o*o*o*****o***o*
*o*o*ooo*ooo*o*o*o*ooooooooooo*ooooo*o*ooooo*ooo*o*
***o*o*******o*o***o***********o*****o*****o***o*o*
*ooo*o*ooooooo*ooooo*ooo*ooooooo*ooo*ooooooooo*o*o*
*o***o***o***o*******o*o*o*******o***********o*o*o*
*ooo*ooooo*ooooo*ooooo*o*ooo*ooooooooo*o*ooooo*ooo*
*o*o***o*********o*o***o***o*o*****o*o*o*o*******o*
*o*o*ooo*ooooo*ooo*o*o*o*ooo*o*ooooo*o*o*ooo*ooooo*
***o*o***o***o*o***o*o*o*o***o*o*****o*o***o*o*****
*ooo*ooo*o*o*ooo*o*o*o*ooo*o*o*ooooo*ooo*ooo*o*ooo*
*o*****o*o*o*****o*o*o*****o*o*****o***o*o***o*o*o*
*o*o*ooo*o*ooo*ooo*o*o*ooooooo*ooo*o*ooo*o*ooo*o*o*
*o*o*o***o*o***o*o*o*o*o*******o*o*o*****o*o***o*o*
*o*ooo*ooo*ooooo*o*o*o*ooo*ooooo*o*o*ooo*o*o*ooo*o*
*o*****o*********o*o*o***o*******o*o*o*o*o*o***o***
*ooooo*ooo*ooooo*o*o*ooooooooooooo*ooo*ooo*ooo*ooo*
*o***o***o*o***o*o*o***********o*********o***o*o*o*
*ooo*ooo*o*o*o*o*o*ooooooo*ooooo*ooooooo*o*ooo*o*o*
***o*o***o*o*o*o*o*******o*******o*****o***o*****o*
*ooo*o*ooo*o*ooo*ooooooo*ooo*ooooo*ooo*ooo*ooooooo*
*o***o*o***o*o*******o*o***o*o*****o*****o*******o*
*o*o*ooo*ooo*ooo*ooooo*o*ooo*o*ooooo*ooooooooo*ooo*
*o*o*******o***o*o*****o*o*o*o***o*o*o*******o*o***
*o*ooooooooo*ooo*o*ooo*o*o*o*ooo*o*o*o*ooooo*o*o*o*
*o***o*******o***o*o*o***o*****o***o*o*o*****o*o*o*
*ooooo*ooooo*o*ooo*o*ooooo*ooo*ooooo*o*o*ooooo*ooo*
*******o*o***o*o*o*o*******o*o***o***o*o*o*******o*
*ooooooo*ooo*ooo*o*ooo*ooooo*ooooo*ooo*o*ooooooo*o*
*o*********o*****o***o*o***********o***o***o*****o*
*ooooo*ooo*ooo*ooo*o*ooo*ooooooooo*o*ooo*ooo*ooo*o*
*o*****o*o*o*o*o***o*************o*o***o*o***o*o*o*
*o*ooooo*ooo*o*ooo*ooooooooooooooo*ooo*ooo*ooo*o*o*
*o*o*************o*o*****o*******o***o*****o***o*o*
*o*ooooo*ooo*ooo*o*o*ooooo*ooooooo*o*ooooo*o*ooo*o*
*o*****o*o*o*o*o*o***o*****o*******o*****o*o*o***o*
*ooooo*ooo*ooo*ooooooo*ooooooooooooooooo*ooo*oooooo
***************************************************
