41
***************
*ooo*   *     *
***o* * * *** *
*M*o* *     * *
*o*o*** ***** *
*o*ooo* *     *
*o***o* * *****
*ooooo* * *   *
*o***** * * * *
*o*     *   * *
*o*** ******* *
*ooo*     *ooo*
***o*******o*o*
*  ooooooooo*oo
***************
