55
*********************
*   * *ooooo*ooooooo*
* * * *o***o*o*****o*
* *   *o* *ooo*Moooo*
* * ***o* ***********
* * *ooo*      ooooo*
* * *o*** *****o***o*
* * *o*       *o* *o*
* ***o*********o* *o*
*    ooooooooooo*  oo
*********************
