73
*********************
*               *ooo*
* *********** ***o*o*
*   *       * *ooo*M*
*** * ******* *o*****
* *   *       *ooo* *
* *** * ***** ***o* *
*     * *ooo*   *ooo*
* ***** *o*o*******o*
*   *   *o*ooo*ooooo*
*** * * *o***o*o*****
* * * * *o* *o*o*   *
* * * * *o* *o*o* * *
* * * * *o* *ooo* * *
* * * * *o* ******* *
* * * * *ooooo*ooooo*
* * * * *****o*o***o*
* * * * *   *o*ooo*o*
* * * *** * *o***o*o*
*   *     *  ooooo*oo
*********************
