267
***************************************************
*     *ooooooooooo*ooo*ooM*         *    ooo*ooo* *
* * ***o*****o***o*o*o*o*** ******* * ***o*o*o*o* *
* * *ooo*   *ooo*ooo*o*o*   *       *   *o*o*o*ooo*
* ***o***** ***o*******o* * ********* ***o*o*o***o*
*   *ooooooooo*ooooooo*o* * *         *ooo*ooo* *o*
* * *********o*******o*o*** * *********o******* *o*
* * *       *ooo*   *o*ooo* *   *ooooo*ooo*ooooo*o*
* * * * * *****o*** *o***o* *** *o***o***o*o***o*o*
* *   * * *ooooo*   *ooo*o*     *o* *ooooo*ooo*ooo*
******* ***o***** *****o*o* *****o* *********o*****
*     * *ooo*ooo*     *o*o* *ooooo*     *ooooo*   *
* *** * *o***o*o* *** *o*o* *o********* *o***** ***
*   *   *o*ooo*o*   * *ooo* *o*       * *ooooo*   *
* * *** *o*o***o* *** *******o***** * * *****o*** *
* * *   *ooo* *o* *ooooooooooo*     * *     *ooo* *
*** * ******* *o***o*********** ***** ***** ***o* *
*   * *       *ooooo*   *       *   *         *o* *
* *** *** *** ******* * * ******* *********** *o* *
*   *     *     *     * *   *         * *     *ooo*
* * *** ********* * *** *** * ***** * * * *******o*
* * *   *     *   * * * *   * *     * * *   *ooooo*
*** * *** *** * *** * * * *** * ***** * *** *o*****
*   *   * * *   * * * *   * * *     *   *   *o*   *
* ***** * * ***** * * ***** * ***** *** * ***o* * *
* * *   * *   *   * * *       *   * *   * *ooo* * *
* * * *** * *** * * * * ******* * * ***** *o*** * *
* *   *   *     * * * *   *     * * *   * *o*   * *
* ***** ********* * * *** ******* * * * * *o*** ***
*     *   *     * * *             *   *   *ooo*   *
* *** *** * *** * * *********** ********* ***o* * *
*   *   * * * * * *       *     *       * *ooo* * *
*** * *** * * * * ******* ******* ***** ***o***** *
*   * *   * *   *       *   *     *   *   *ooooooo*
* *** * *** * ******* * *** * ***** ***** *******o*
* * *   *   *   *     * *   * *     *         *ooo*
* * ******* *** * ***** * * * *** * * ******* *o***
* *         *   * *   * * * *   * * * *     * *o* *
* *** ******* *** * * *** ***** *** * * ***** *o* *
*     *     * *   * *     *   *     * * *     *ooo*
******* * *** * * * ******* * *** *** * * *******o*
*       *   *   * *   *     *     *   * *       *o*
* ********* ***** *** * *********** *** *** *****o*
*     *   *   *   * *   *         * *   *   *   *o*
* ***** * * * * *** ************* * *** * *** * *o*
* *     *   * *   *               *   *   *   * *o*
* * ************* * ***** ******* *** ***** *** *o*
* *     *   *   * * *     *       * *     * *   *o*
* ***** * * * * * *** ***** ******* ***** * * ***o*
*     *   *   *       *                 *   *    oo
***************************************************
