[2021235] daiane - 30 (50.0)
[2014381] pedro - 29 (90.0)
[2213025] guilherme - 25 (70.0)