[1625595] Bernardo - 20 (100.2)
[2926992] Helena - 51 (74.4)
[2412560] Sophia - 79 (99.1)
[2529277] Arthur - 56 (117.4)
[2328031] Heitor - 34 (87.5)
[2814037] Valentina - 87 (81.7)
[1816606] Laura - 25 (91.2)
[1210976] Davi - 65 (108.8)
[1126786] Alice - 30 (52.8)
[2529115] Miguel - 83 (87.8)
