[1929056] Miguel - 82 (87.1)
[2926202] Sophia - 75 (115.3)
[1629405] Alice - 71 (92.2)
