[2914416] Arthur - 81 (118.7)
[      0]  - 0 (0.0)
[1217076] Alice - 28 (97.8)
[2715645] Helena - 68 (77.5)
[1426873] Sophia - 86 (77.1)
