[2927990] Sophia - 68 (44.8)
[1624323] Alice - 74 (122.9)
[2817488] Arthur - 52 (86.8)
[2122797] Miguel - 61 (83.5)
[2226319] Helena - 36 (85.8)
[1324916] Bernardo - 68 (51.0)
[1311979] Valentina - 25 (102.7)
