a 94
ability 1
about 3
abstract 1
acceptance 2
accepted 1
accessible 1
accounts 1
accused 1
action 1
ada 1
adaptation 2
added 2
addition 2
addressed 1
addresses 1
adopted 1
advance 1
advantage 1
adventure 2
advertised 1
aesthetes 1
affairs 2
after 3
again 2
age 1
ages 1
aim 1
albert 2
aldous 1
aleman 1
alessandro 1
alexanderplatz 1
alfred 1
algernon 1
all 10
allow 1
almost 2
along 3
alongside 1
already 2
also 10
altered 1
alternative 3
always 1
amadis 1
america 2
american 5
among 1
amorality 1
amount 1
amours 1
an 20
anais 1
ancient 1
and 163
ann 1
anne 3
anonymous 2
anonymously 1
another 3
answer 1
antagonist 1
anti 2
anxieties 1
any 4
aphra 4
apocalyptic 1
appearance 1
appeared 2
appearing 1
applied 1
appreciation 1
approached 1
arabesque 1
are 6
area 1
argues 1
arguing 1
aristocratic 1
aristocrats 1
around 3
arouse 1
arranged 1
arrived 1
art 5
artefact 1
arthur 2
arthurian 3
artificial 1
artist 2
artistic 1
artists 1
as 63
asimov 1
assemblies 1
associated 2
associates 1
at 9
attacks 1
attempted 1
attention 1
attitudes 1
attract 1
attracted 1
attributed 1
audience 1
auster 1
author 3
authors 16
available 1
avalon 1
awareness 1
back 2
backward 2
ban 1
barker 1
based 2
be 9
beauvoir 1
became 14
beckett 1
become 3
beecher 2
been 10
before 1
began 3
beginning 2
behalf 1
behn 4
being 2
bellamy 2
belles 3
beowulf 1
berlin 1
best 2
betreffend 1
between 7
billion 1
biological 1
black 1
blurred 1
boast 1
bond 1
book 7
books 2
boom 1
border 1
borges 1
borrow 1
both 3
boundaries 1
bradley 1
brand 2
brave 1
bridged 1
brief 1
briefe 1
bring 1
britain 1
british 3
broader 1
broke 1
bronte 5
brothels 1
brought 1
brown 1
but 13
buy 1
by 28
c 1
cabin 2
call 1
called 4
campanella 1
camus 1
can 2
cancer 1
candide 1
canon 1
careers 1
carlos 1
castle 1
catastrophic 1
catch 1
censors 1
censorship 1
central 1
centuries 3
century 49
cervantes 2
challenged 3
change 4
changed 3
changes 1
changing 1
chapbook 2
chapbooks 1
character 2
characters 2
charles 3
charlotte 1
chatterley 1
child 1
choderlos 1
christ 1
christian 1
chuck 1
churchman 1
circulating 1
citation 9
citizen 1
city 1
claimed 1
claiming 1
claims 1
clarke 1
class 2
classes 2
classic 3
classical 1
classics 4
cleland 2
climate 1
closets 1
club 1
clubs 1
code 1
codes 1
coffeehouses 1
cold 1
collaborated 1
collection 1
collections 1
colleges 1
combining 1
comic 1
commercial 1
commonly 1
community 1
comparable 1
competed 1
composed 1
computer 1
conan 1
conceit 1
concentrated 1
concepts 1
concerned 1
conflicts 1
conformist 1
confrontations 1
confusion 1
connected 1
conrad 1
consciousness 3
constructive 1
consumerism 1
contemporary 1
content 1
context 1
continued 2
continuous 1
contributing 1
contribution 1
controversial 1
coover 1
copyright 1
cortazar 2
cost 1
could 6
counter 1
counterculture 2
countries 1
court 1
create 2
created 5
creating 1
creation 2
creators 1
credit 1
crime 5
criminal 1
criminals 1
critic 2
criticism 2
critics 2
crusoe 3
crying 1
cuckoo 1
culminated 1
cult 1
cultivate 1
cultural 3
culture 1
cultures 1
curious 1
current 1
curricula 1
cyberpunk 1
cycles 1
d 4
da 1
dame 1
dan 1
dangereuses 1
daniel 3
dared 1
dark 1
darwin 1
daughters 1
day 1
days 1
de 10
deals 2
dealt 2
debate 7
decades 2
declarations 1
deeper 3
defined 1
defoe 3
delta 1
demanded 1
depicted 1
depictions 1
depression 1
des 2
descendant 1
desclos 1
described 3
deserved 1
desires 1
destabilized 1
detectives 1
developed 3
development 4
developments 1
dialogues 1
dick 1
dickens 2
did 5
die 2
dies 1
differed 2
difference 2
differences 1
different 2
differs 1
difficult 1
direct 2
direction 1
directly 1
disagree 1
discredited 1
discussed 2
discussing 1
discussions 1
display 1
displaying 1
distant 1
distinguishing 1
distress 1
divisions 1
do 2
doblin 1
documentary 1
does 1
dominated 1
don 1
done 3
doody 1
doris 1
dorothy 1
dostoyevsky 1
doyle 1
dramatises 1
drum 1
during 3
dutch 1
dwell 1
e 2
each 1
earlier 5
early 9
eco 1
economically 1
edda 1
edition 1
editions 4
education 2
edward 1
effect 1
eighteenth 2
eighty 1
either 1
elegant 1
element 1
elementaires 1
elfriede 1
eliot 1
elitist 3
elixiere 1
eliza 2
embedded 1
emesa 1
emile 2
emily 2
emotional 3
emotions 1
employ 1
encounters 1
end 2
engels 1
english 8
enjoy 1
enlightenment 1
enliven 1
enormous 1
entered 3
entertainment 1
entire 1
entirely 1
ephraim 1
epic 1
equipped 1
erich 1
espagne 1
especially 3
essence 1
essential 2
establish 1
established 1
establishes 1
estimated 1
europe 3
european 6
evaluate 1
even 1
events 2
eventually 2
evolution 1
exact 1
exactly 1
example 4
examples 1
exchange 1
exilius 1
exist 1
existentialism 1
existentialist 1
existing 2
exotic 1
expect 1
expectations 1
expected 1
experience 1
experienced 1
experiences 1
experimental 3
experiments 2
explained 1
explicitly 1
exploited 3
exploiting 1
exploration 1
explorations 2
explore 2
explored 2
explores 1
exploring 1
express 1
expressionist 1
extended 1
extinguished 1
extreme 1
extremely 1
eyre 1
f 1
facts 1
failing 1
falls 1
famous 2
fan 1
fanny 3
fantasies 3
fantasy 3
far 3
fashionable 3
fashions 2
fatales 1
faulkner 1
fayette 3
feature 1
feeling 2
feelings 1
feign 1
fellow 1
feminist 2
femmes 1
fenelon 2
few 1
fiction 38
fictional 6
fictionalised 1
fictionality 1
fictions 3
field 2
fielding 1
fields 1
fight 1
film 2
films 1
find 1
fine 1
finnegans 1
first 5
fitzgerald 1
fleming 1
flew 1
flexible 1
flourishes 1
focus 3
focuses 1
focusses 1
follow 2
followed 2
footsteps 1
for 22
foreign 1
form 4
formal 1
forms 1
forward 1
foucault 1
founded 1
four 1
fragmented 1
fragments 1
france 2
frankenstein 1
free 1
freedom 1
freer 1
french 10
from 17
front 1
fuentes 1
fundamental 1
furthermore 2
future 2
fyodor 1
g 1
gabriel 1
gain 1
gained 1
gallant 1
games 2
garcia 2
gave 2
gender 1
general 1
generated 2
generation 2
genre 9
genres 3
gentleman 1
george 3
german 5
germanic 1
gibson 1
given 1
goal 1
goes 2
goethe 2
goldsmith 1
goote 1
gothic 7
gotthold 1
grass 1
gravity 2
great 2
greater 1
greek 1
grew 1
grotesque 2
ground 1
group 1
guerard 2
guerre 1
gunter 1
h 2
habits 1
had 36
hague 1
half 2
hall 1
halls 1
hamburg 1
hand 2
happened 1
happy 1
hardy 1
harriet 2
has 10
have 7
hawthorne 2
haywood 2
he 11
head 1
hedonistic 1
heights 1
heliodorus 1
heller 1
help 1
henry 3
her 10
herman 2
hermann 1
hero 3
heroes 2
heroine 1
heroines 1
heroism 1
herself 1
hesse 1
hidden 1
highsmith 1
hill 3
him 2
himself 1
his 18
historian 2
historians 1
historic 1
historical 10
history 7
hoffmann 1
holds 1
holland 1
holmes 1
hoped 1
horace 1
horrify 1
horror 2
houellebecq 1
houses 1
how 1
however 3
huet 5
hugo 1
human 2
humans 1
humour 1
hunchback 1
huxley 1
i 3
ian 5
iconic 1
idea 8
ideas 1
identifiable 1
identity 1
if 1
ignorance 1
ii 1
images 1
imagination 2
imaginative 1
imitated 1
immediate 1
immediately 1
implicit 1
importance 2
important 4
impossible 1
in 102
incidents 3
include 1
included 2
includes 2
including 4
indeed 1
independent 1
individual 3
individuals 1
industrialization 1
industrialized 1
industry 1
inferior 1
influence 1
influenced 6
inner 1
insatiable 1
insight 2
insistence 1
inspirational 1
inspired 2
institutions 1
integrate 1
integrity 1
interaction 1
interest 2
interested 1
interior 1
international 1
interpretation 1
interpreters 1
interspersed 1
intertextual 1
into 13
intrigue 1
introduced 2
introducing 1
introduction 1
invention 1
inventor 1
involved 1
is 36
isaac 1
islamic 1
issue 1
issues 1
it 12
italian 1
italy 2
its 9
j 2
jacques 1
james 3
jane 2
jazz 1
jean 2
jelinek 1
johann 1
john 2
jonathan 1
joseph 2
journals 3
journees 1
journey 1
joyce 2
jules 1
julio 2
ken 1
kesey 1
key 1
knighthood 1
l 1
la 5
labour 1
laclos 1
lady 1
laid 1
language 1
languages 1
largest 1
last 3
late 2
later 6
latin 3
laurence 2
lawrence 1
laws 1
learns 1
least 1
led 7
left 1
leipzig 1
lem 1
leo 1
lermontov 1
les 4
less 2
lessing 2
letter 1
lettres 3
lewis 2
liaisons 1
libertine 2
libraries 1
library 1
life 6
lifted 1
like 13
likejohn 1
likewise 1
lines 3
link 1
linked 1
literary 6
literatur 1
literature 15
literatures 1
little 1
live 1
llosa 1
local 1
lolita 1
london 3
long 2
longer 1
looking 2
lord 1
lot 1
love 5
lover 1
lucian 1
machiavelli 1
machine 1
machines 1
mackenzie 1
madden 1
made 2
madeleine 1
magazines 1
magic 1
main 1
mainly 1
major 8
make 2
male 2
malone 1
man 3
manifested 1
mankind 2
manner 1
manners 2
manuscript 1
manuscripts 1
many 1
manzoni 1
marbled 1
marcel 1
margaret 1
maria 1
marie 3
mario 1
marion 1
market 16
marketing 2
marquez 2
marvelous 2
marx 2
mary 2
mass 1
masterpieces 1
material 1
materials 1
matter 3
matters 2
media 1
medieval 1
medium 2
melville 2
memoirs 1
michel 1
micromegas 1
mid 2
middle 2
might 1
mikhail 1
milestone 1
military 1
miller 1
million 4
mind 1
minds 1
miserables 1
missions 1
mists 1
mixed 1
moby 1
mode 1
model 1
models 2
modern 16
modernism 2
modernists 1
molloy 1
monk 3
monologue 1
moral 2
morality 2
more 7
most 7
motivations 1
motives 1
movement 2
mutated 1
mysteries 1
mystery 1
nabokov 2
name 3
names 3
narration 1
narrative 3
narratives 3
narrator 2
nathaniel 2
national 2
nausea 1
needed 9
nest 1
netherlands 1
neuromancer 1
neuste 1
never 2
new 36
newspapers 1
nightmare 1
nights 1
nin 1
nineteen 1
no 3
non 2
north 1
nostalgia 1
not 9
notable 2
note 15
noted 1
notre 1
novel 39
novelist 5
novelists 12
novella 1
novels 32
novelty 1
now 3
number 2
o 1
object 1
occupation 1
of 216
offered 3
old 2
oliver 1
on 25
once 1
one 5
only 5
open 1
openly 8
opinion 1
opinions 1
or 13
origin 1
original 1
originated 1
originates 1
origine 1
orwell 2
oscar 1
other 8
others 1
otranto 1
our 1
out 2
over 3
own 4
page 3
palahniuk 1
pamela 1
parables 1
part 1
particular 1
particules 1
past 3
patricia 1
paul 2
payment 1
peace 1
pendulum 1
perceptions 1
period 5
personal 3
perspective 1
petronius 1
phenomenon 1
philosophical 6
philosophy 3
pierre 2
pirated 1
place 1
placed 1
plague 1
platform 1
plato 1
played 1
playfulness 1
playing 2
plays 1
plot 4
poe 1
poets 1
point 1
political 5
politics 2
popular 14
pornographic 2
pornography 1
portuguese 1
post 2
postmodern 3
postmodernist 2
poststructuralist 1
potential 1
power 2
praise 1
precedent 2
precursor 1
precursors 1
predominantly 1
preface 3
prefaces 1
present 1
previously 2
pride 1
principles 1
printed 1
private 4
privilege 1
processes 1
proclaim 1
produced 3
production 6
productions 1
professed 1
promessi 1
promised 1
promoted 1
proposed 1
prose 3
prostitution 1
protagonists 1
proust 1
proved 1
provided 3
psychoanalysts 1
psychological 3
public 7
publication 1
publications 1
published 5
publishers 3
publishing 2
pulp 1
punishment 1
puts 1
pynchon 4
question 1
questionable 1
questioned 2
questions 2
quevedo 1
quiet 1
quixote 1
r 2
rabelais 1
racial 1
racism 1
radcliffe 1
rainbow 2
range 1
rare 1
rather 2
rayuela 1
re 2
reach 2
read 4
reader 2
readers 7
readiness 1
reading 4
readings 1
reads 1
ready 1
real 1
realised 1
realism 5
realist 1
realistic 2
realities 1
reality 2
realm 1
rebuffing 1
received 1
recent 2
reclaim 1
record 1
references 1
referential 1
referred 1
refined 1
reflected 1
reflections 1
reflects 1
reform 2
reformation 1
rejects 1
related 1
relations 1
relationship 1
relied 1
religion 1
religious 1
remained 3
remarque 1
remote 1
rendering 1
replaced 1
reported 1
reprinted 1
republic 1
reputations 1
research 2
resorted 1
response 1
responses 1
responsibility 1
result 1
resulted 1
reveal 1
reversals 1
reviews 3
revival 1
revived 2
revolution 1
revolutions 1
rewarded 1
richard 1
richardson 3
rings 1
rise 8
risk 1
rival 1
robert 1
robinson 3
rogue 1
role 5
roman 1
romance 26
romancer 1
romancers 1
romances 9
romans 2
romantic 8
romanticism 2
rose 1
rousseau 1
royalties 1
russia 1
s 113
sade 1
said 1
sake 1
same 2
samuel 4
sartre 1
satire 1
satirical 1
satisfaction 1
saw 2
scandal 1
scandalous 2
scandinavia 1
scarlet 1
scenes 1
scholar 1
school 1
schools 1
science 5
scott 7
scottish 1
scudery 1
search 2
second 6
see 1
seen 2
sees 2
select 1
self 3
selling 1
sensitive 1
sentimental 4
sequentiality 1
series 2
serious 5
servant 1
serve 1
severe 1
sexes 2
sexual 2
sexuality 1
shandy 1
shape 1
shaped 1
share 3
she 4
shelley 2
sherlock 1
shops 1
short 2
shorter 1
should 1
show 2
shows 2
significance 1
significant 1
similar 1
similarly 1
simone 1
sisters 1
situation 1
six 1
slavery 1
slavonic 1
so 6
social 6
socialist 1
societies 1
society 2
sodome 1
some 1
soon 1
sophisticated 1
sorrow 1
sorrows 1
soundness 1
sources 1
spain 1
spanish 2
speaks 1
special 1
spectator 3
spheres 1
spoke 1
sposi 1
spy 1
st 3
stanislaw 1
stated 1
states 2
status 4
steinbeck 1
steppenwolf 1
sterne 3
still 1
stories 1
story 4
stowe 2
stranger 1
strategies 1
stream 3
strong 1
structural 1
students 2
study 2
stylish 1
sub 1
subculture 1
subject 10
subsequent 1
subtitled 1
subverted 1
successful 1
successfully 1
successor 2
successors 2
such 12
suggested 1
suggestion 1
suggests 1
sun 1
superseded 1
supply 1
supreme 1
surface 1
surrealists 1
surrounding 1
surveillance 1
swift 1
swinburne 1
t 1
tables 1
tale 1
tales 4
taste 1
tatler 1
taught 1
tea 1
teach 1
technique 1
techniques 1
technological 2
technology 1
telemachus 3
temper 1
tenant 1
tend 1
tenderness 1
term 2
teufels 1
text 2
texts 2
th 48
than 4
thanks 1
that 41
the 376
theatres 1
their 15
them 3
then 3
theologian 1
theological 1
theoretical 1
theory 3
there 1
these 6
they 3
things 1
third 1
this 22
thomas 5
thor 1
those 1
though 3
thought 2
thoughts 1
thousand 1
thousands 1
three 1
thrill 1
thrillers 1
through 4
throughout 2
time 5
tin 1
title 1
titular 1
to 74
today 1
tolkien 3
tolstoy 1
tom 2
tommaso 1
tool 1
topic 1
topics 4
totalitarian 1
totalitarianism 1
towns 1
tradition 7
traditionally 1
traits 1
traitte 1
transgressions 1
transgressive 2
translated 1
translations 1
treatise 3
treatment 2
trendsetter 1
trilogy 2
tristram 1
triumph 1
tropic 1
troubled 1
true 1
truth 2
trying 1
tub 1
turned 1
turns 1
twentieth 1
two 1
type 1
udolpho 1
ulysses 1
umberto 1
uncle 2
uncommon 2
uncontrollable 1
under 3
united 1
universities 1
university 1
unnamable 1
unprecedented 1
until 1
upon 2
upper 1
urban 1
us 2
use 5
used 5
useful 1
utilised 1
utopia 2
utopias 1
valorization 1
vargas 1
variety 1
venus 1
verne 1
very 3
vicar 1
victim 1
victor 1
victorian 1
view 1
vinci 1
virginia 2
virtual 1
virtue 3
virtues 1
virtuous 2
visible 1
visual 1
vladimir 1
voices 1
voltaire 1
volume 1
volumes 1
von 1
vulnerable 1
wake 2
wakefield 1
walpole 1
walter 2
war 5
was 24
watt 5
wave 2
waverley 2
way 2
website 1
welcomed 2
well 8
wells 1
went 1
were 16
werther 1
western 3
what 4
when 3
where 3
whether 2
which 8
while 2
who 7
whole 2
whose 1
wide 2
wider 1
wilde 1
wildfell 1
will 1
william 3
wit 2
with 53
within 1
without 1
wolfgang 1
women 4
wonder 1
woolf 2
word 4
work 6
workhouses 1
working 1
works 19
world 6
worse 1
worst 1
would 3
write 2
writer 1
writers 4
written 3
wrote 2
wuthering 1
years 3
yet 2
yorick 1
york 1
young 3
youth 1
yuryevich 1
zadig 1
zayde 1
zimmer 1
zola 1
