20.1.1111 9.0
20.1.2222 9.5
20.1.3333 10.0
20.1.4444 5.0
20.1.5555 7.0
