21.2.1383 1.8
21.2.9034 7.8
18.1.9207 7.2
25.2.9825 6.8
17.2.0480 9.9
23.2.8985 7.7
13.1.8529 6.8
12.2.0385 2.0
25.2.0638 5.1
21.2.9252 3.1
