9
a 8
accepted 1
ad 3
again 1
al 2
all 1
allowed 1
also 2
although 1
an 6
and 23
anglo 1
another 1
apuleius 2
arabic 2
are 3
as 10
asia 1
ass 2
at 1
author 1
autodidactus 4
availability 1
available 1
awaited 1
back 1
banabhatta 1
bc 3
bce 1
be 3
because 1
been 2
beginning 1
begun 1
beowulf 1
bible 1
books 1
brought 1
by 10
c 5
ce 1
centuries 1
century 13
character 1
china 1
chinese 1
chloe 1
classical 2
cleves 1
consciously 1
considered 2
contrast 1
crusoe 1
d 1
dandin 1
daniel 1
daphnis 1
dasakumaracarita 1
de 2
defoe 1
described 1
development 2
developments 1
dialogues 1
did 1
didactic 2
dimension 1
don 1
dynasty 2
early 7
edition 1
elizabethan 1
england 1
english 1
epic 3
epics 3
essentially 1
europe 1
european 3
evolution 1
example 1
exhibits 1
extended 1
famous 1
fayette 1
fictional 2
field 1
first 1
for 3
forerunners 1
forms 1
found 1
french 1
full 1
genji 2
gilgamesh 1
golden 2
greek 2
greeks 1
guanzhong 1
had 1
has 2
have 3
hayy 4
heliodorus 1
heroic 1
homer 1
human 1
ibn 8
in 16
include 1
included 1
including 1
incredible 1
indian 1
individuality 1
influence 1
influenced 1
interest 1
into 2
is 3
island 1
its 1
japan 1
japanese 1
kadambari 1
kingdoms 1
koran 1
la 2
late 1
latin 2
led 1
like 1
likely 1
longus 2
lucian 1
lucius 1
luo 1
mahabharata 1
marie 1
ming 1
modern 1
murasaki 2
nafis 2
narratives 2
nd 1
non 1
not 2
note 2
novel 11
novelist 1
novels 3
number 1
observation 1
occur 1
of 26
often 1
on 2
opportunities 1
or 3
oral 1
other 1
outcast 1
paper 1
parallel 1
perception 1
petronius 2
philosopher 1
philosophical 1
philosophus 1
philosophy 1
picaresque 1
places 1
plato 1
poetry 1
praised 1
princesse 1
printed 1
prose 4
proto 1
psychological 1
public 1
qualities 1
quixote 1
ramayana 1
reaches 1
rediscovered 1
robinson 1
roman 1
romance 1
romances 1
rome 1
s 7
said 1
samosata 1
sanskrit 1
satirical 1
satyricon 2
saxon 1
sense 1
shikibu 2
shows 1
significant 1
similar 1
similarities 1
some 1
song 1
spread 1
stories 2
story 1
storytelling 1
strand 1
such 4
sumerian 1
surviving 1
tale 2
th 14
the 44
them 1
then 1
theological 1
theologus 3
theology 1
therefore 1
this 1
though 1
three 1
thus 1
time 1
title 1
to 5
torah 1
tradition 2
translations 1
tufail 2
unbroken 1
unknown 1
urbanization 1
verse 1
was 3
well 1
were 1
western 1
when 1
which 2
while 1
who 2
wider 1
with 5
work 1
works 6
world 1
would 2
wrote 1
yaqdhan 4
