12
a 45
about 2
abridgements 1
abridgments 1
academic 2
accepted 2
accounts 1
achievements 1
acknowledged 1
action 1
actions 1
addressed 1
adopted 1
advantages 1
adventures 2
affordable 1
against 1
age 1
ages 1
alain 1
all 4
allegations 1
allegedly 1
allowed 1
almanacs 1
almost 1
along 1
also 2
alternative 1
although 1
always 1
amadis 4
amadisian 1
ambition 1
among 1
an 6
analysis 1
ancient 1
and 84
andrews 1
anglo 1
animated 1
anne 1
anonymous 1
any 1
aphra 1
appeared 3
apprentices 1
archetypical 1
are 2
aristocratic 1
arose 1
around 2
aroused 1
arthur 2
artificial 1
as 19
assertion 1
associate 1
astree 2
at 2
atmosphere 1
attractive 1
aulnoy 1
authors 2
back 3
bad 1
be 9
beauty 1
became 5
because 2
become 2
becoming 1
been 3
before 1
began 2
beginning 1
beginnings 1
behn 1
belles 5
belong 1
best 2
between 5
bibliotheque 1
black 1
blas 1
bleue 1
blown 1
blue 1
boccaccio 1
book 1
booklets 1
books 8
bore 1
both 4
brevity 1
brief 1
britannica 1
bucolic 1
burlesque 2
burlesqued 1
but 7
by 10
c 1
cambridge 1
came 1
can 1
canterbury 1
caxton 1
celebrated 1
centuries 4
century 15
certainly 1
cervantes 5
cesar 1
changed 1
chanson 1
chapbook 2
chapbooks 8
characteristic 1
characters 1
chaucer 1
cheap 2
cheaply 1
cheats 1
children 1
chisholm 1
chivalric 2
chivalrous 1
circles 1
circulated 2
citation 3
cities 1
citizens 1
claim 3
clef 1
clerics 1
cleves 1
climate 1
clothed 1
coined 1
collection 1
collections 3
comical 1
comique 2
commonly 1
comparatively 1
compilations 2
composed 1
conciseness 1
connotations 1
considered 1
contact 1
contemporary 1
continued 1
contrast 1
controversy 1
conversation 1
conversely 1
corresponding 1
could 4
country 1
course 1
courtilz 1
courtly 2
covered 1
created 1
criticized 1
critics 2
crude 1
crusoe 4
culture 1
customers 1
cycle 1
d 4
damsels 1
daniel 2
dared 1
date 1
dates 1
day 1
de 10
death 1
debate 1
decameron 2
defoe 2
denis 1
desert 1
designed 2
developed 2
development 3
developments 1
devoted 1
did 4
diderot 1
different 1
differentiation 1
diffuse 1
disguise 1
distinction 1
distinguishes 1
distressed 1
diverse 1
divide 1
divided 1
division 1
domain 1
don 3
dragging 1
dragons 1
drew 1
du 1
during 2
earliest 2
early 11
earn 1
easily 1
ed 2
edition 1
editions 1
either 1
elegance 1
elegant 2
elements 3
eliza 1
emphasis 1
emphasize 1
employed 1
enabled 1
encounters 1
encouraged 1
encyclopedia 1
end 1
england 1
english 5
entertainment 2
ephemera 1
epic 3
epistolary 1
errant 1
escaping 1
especially 2
ethiopians 1
eulenspiegel 1
europe 4
european 2
events 1
eventually 2
ever 1
evokes 1
evolving 1
example 2
examples 2
excess 1
exemplares 1
exemplum 1
exist 2
exotic 1
expensive 1
experienced 1
exploited 2
extravagant 1
extremity 1
fables 1
fabliaux 1
faced 1
fact 2
factors 1
factual 1
fairy 2
famously 1
fashion 2
fashionable 2
fast 1
fatalist 1
fayette 1
feeling 1
fiction 12
fictional 2
fictionalized 1
fictions 2
fielding 1
fiesole 1
filled 3
finally 1
first 6
fleeing 1
florence 1
flourished 1
focus 1
focused 1
folded 1
folk 2
footed 1
for 5
form 4
format 1
found 2
france 3
francois 1
french 9
fresh 1
from 8
fuelled 1
full 1
further 1
gallant 2
garcia 1
gargantua 3
gatien 1
gaula 1
gave 1
generic 2
genre 6
geoffrey 1
german 2
geste 1
gil 1
give 1
glory 1
gomberville 1
good 1
gossip 1
gothic 1
grew 1
grimmelshausen 1
grossest 1
group 1
had 4
hand 1
hardly 1
has 1
have 1
haywood 1
he 1
head 1
height 2
heinrich 1
henry 1
her 1
hero 3
heroes 5
heroic 4
heroical 1
heroism 1
heterosexual 1
high 3
hills 1
hinted 1
his 2
historians 3
historical 4
histories 13
history 11
holland 1
honore 1
households 1
however 4
hugh 1
humorous 1
hundred 1
if 1
illustrated 1
illustrations 1
image 1
imaginative 1
imitated 1
immediately 1
important 2
impossible 2
improbabilities 2
in 59
incidents 1
include 1
included 2
includes 1
including 1
increasingly 2
indirectly 1
influenced 1
ingenious 1
insert 1
integral 1
intent 1
international 1
into 6
intrigues 1
intriguing 1
invented 1
invention 1
inventor 1
involve 1
ironic 1
is 11
isolation 1
it 11
italian 1
its 8
jacques 1
jests 1
john 1
jokes 1
jones 1
joseph 1
journalism 1
justifiable 1
key 1
kinds 2
knight 1
knights 2
knowledge 1
known 2
l 1
la 1
lack 1
lacks 1
lancelot 1
language 1
languid 1
late 4
later 2
lazarillo 1
le 3
lead 1
leading 1
led 5
legends 2
length 1
lesage 1
lessons 1
letters 2
lettres 5
libel 1
lies 1
life 2
like 1
listed 1
literary 3
literature 11
looked 1
lost 1
love 5
low 5
madame 2
made 1
magical 1
main 1
major 1
make 1
malory 2
mandeville 1
manners 1
many 4
marguerite 1
marin 1
marked 1
market 9
markets 1
marvel 1
matter 3
medieval 7
medium 1
memoirs 2
men 1
merchants 1
mercure 1
met 1
middle 1
miguel 2
modern 15
modified 2
montalvo 1
moral 2
more 3
morte 2
most 1
mostly 1
ms 1
multi 1
names 2
narration 1
narrative 1
natural 1
needed 3
neither 3
new 8
no 1
nobleman 1
nor 3
norman 1
not 6
note 1
noted 1
novel 15
novelas 1
novella 4
novelle 1
novels 5
now 2
noyer 1
nursery 1
occitan 1
of 106
offered 1
often 2
old 2
on 10
one 3
only 1
options 1
or 7
oral 1
order 1
origin 1
originally 1
other 5
out 2
pages 2
pamela 2
pamphlets 2
panache 1
pantagruel 3
paper 1
parodied 1
part 3
particularly 1
passages 1
pastoral 1
pattern 3
paul 1
people 1
perfect 1
period 3
permitted 1
pervade 1
petit 1
pitiable 1
place 2
plain 1
plot 1
poetry 4
point 2
political 2
politicks 1
popular 12
posthumously 1
potential 1
practical 1
preface 1
prefaces 1
press 1
priest 1
princesse 1
principal 1
principally 1
print 1
printed 7
printing 1
prints 1
private 2
produce 1
produced 1
production 3
products 1
properly 1
prose 8
proud 1
prove 1
pseudo 1
public 3
publication 3
publications 1
published 3
publishers 1
pursuit 1
qualities 1
quasi 1
quest 1
quixote 3
rabelais 2
range 1
rather 2
reach 1
reached 1
read 1
readers 2
reading 2
real 2
reality 1
realm 1
recent 1
recrudescence 1
refers 1
relate 1
relation 1
religions 1
religious 2
remained 1
renaissance 1
rene 1
respect 1
respectively 1
rewarded 1
reworked 1
rhymes 1
richard 1
richardson 2
ring 1
rise 3
rising 1
risk 1
rivalry 1
robinson 2
rogue 2
roman 3
romance 15
romances 14
romantic 1
rose 1
roy 1
rozelli 1
rubric 1
s 32
saint 1
sake 1
same 1
samuel 1
sandras 1
satire 2
satiric 1
satirical 3
satirized 2
scandal 2
scandalous 2
scarron 3
second 2
seller 2
sense 1
sentimental 1
separate 2
separation 1
series 1
serious 2
sermon 1
set 1
setting 1
seven 1
seventeenth 1
sexes 1
shared 1
sheet 1
shift 3
short 1
should 1
side 1
significant 1
simple 1
simplicissimus 1
since 2
single 1
sir 1
sister 1
small 1
smelled 1
sold 2
some 1
sometimes 1
soon 1
source 1
space 1
spanish 3
specifically 1
sphere 1
spirit 2
stated 1
still 1
stories 8
story 2
storytelling 1
strictly 1
style 3
styled 1
stylistic 1
subject 3
such 5
sun 1
supplied 1
survival 1
suspicion 1
taken 1
tales 4
talk 1
ten 1
tendency 1
term 2
terms 1
teutsch 1
text 1
th 26
than 3
that 18
the 165
their 3
them 2
themes 2
there 3
therefore 1
these 4
they 9
this 13
thomas 2
those 3
though 1
threaten 1
three 1
throughout 1
till 1
time 1
title 1
titles 2
to 34
told 1
tom 1
too 1
took 2
tormes 1
towards 1
traced 1
tracts 1
traders 1
tradition 7
traditionally 1
translated 1
travel 1
tropes 1
true 6
truth 2
two 1
type 3
umbrella 1
unambiguous 1
under 1
undertakes 1
unfolded 1
university 1
unlike 1
until 1
urban 4
urfe 1
use 2
used 1
usually 1
valour 1
various 1
vast 1
verse 2
vices 1
vichard 1
victim 1
viewed 1
violent 1
virtue 1
visible 1
visited 1
volksbuch 1
volume 1
voyages 1
vulgate 1
was 21
well 1
were 23
what 2
when 1
whereby 1
which 15
while 1
who 6
whole 1
wholly 1
whose 1
wide 1
william 1
wit 1
with 23
within 1
witnessed 1
wittenwiler 1
witty 1
women 1
wonders 1
woodcuts 1
word 2
works 7
world 1
would 3
writers 1
written 5
yet 3
young 1
younger 1
zayde 1
